[stdout]

[stderr]
  × [E2120]: unknown annotation type '@totally_unknown'
   ╭─[<path>/annotation_unknown_on_struct.vole:2:1]
 1 │ // Error: using an unknown type as an annotation on a struct
 2 │ @totally_unknown
   · ────────┬───────
   ·         ╰── annotation type not found
 3 │ struct Bad {
   ╰────
