[stdout]

[stderr]
  x [E2089]: default value for 'a' must be a constant expression
    ,-[<path>/default_must_be_constant_field.vole:12:14]
 11 | record BadConfig {
 12 |     a: i32 = get_value(),     // Error: function call
    :              ^^^^^|^^^^^
    :                   `-- non-constant expression
 13 |     b: i32 = mutable_global,  // Error: mutable variable reference
    `----
  help: use literals, operators on constants, or array/tuple literals with constant elements
  x [E2089]: default value for 'b' must be a constant expression
    ,-[<path>/default_must_be_constant_field.vole:13:14]
 12 |     a: i32 = get_value(),     // Error: function call
 13 |     b: i32 = mutable_global,  // Error: mutable variable reference
    :              ^^^^^^^|^^^^^^
    :                     `-- non-constant expression
 14 | }
    `----
  help: use literals, operators on constants, or array/tuple literals with constant elements
