[stdout]

[stderr]
  × [E2089]: default value for 'x' must be a constant expression
   ╭─[<path>/default_must_be_constant_param.vole:8:25]
 7 │ // Error: function call is not a constant expression
 8 │ func with_call(x: i32 = get_value()) {
   ·                         ─────┬─────
   ·                              ╰── non-constant expression
 9 │     let _ = x
   ╰────
  help: use literals, operators on constants, or array/tuple literals with constant elements
  × [E2089]: default value for 'x' must be a constant expression
    ╭─[<path>/default_must_be_constant_param.vole:14:28]
 13 │ var mutable_global = 100
 14 │ func with_mut_var(x: i32 = mutable_global) {
    ·                            ───────┬──────
    ·                                   ╰── non-constant expression
 15 │     let _ = x
    ╰────
  help: use literals, operators on constants, or array/tuple literals with constant elements
