[stdout]

[stderr]
  × [E2104]: duplicate implementation of 'IFace' for 'Foo'
    ╭─[<path>/duplicate_implement_block.vole:7:1]
  6 │     
  7 │ ╭─▶ extend Foo with IFace {
  8 │ │       func foo() -> i64 {
  9 │ │           return 42
 10 │ │       }
 11 │ ├─▶ }
    · ╰──── 'IFace' already implemented here
 12 │     
 13 │ ╭─▶ extend Foo with IFace {
 14 │ │       func foo() -> i64 {
 15 │ │           return 99
 16 │ │       }
 17 │ ├─▶ }
    · ╰──── duplicate implementation here
    ╰────
