[stdout]

[stderr]
  x [E2054]: non-exhaustive catch block
    ,-[<path>/error_non_exhaustive_catch.vole:10:18]
  9 |     func main() {
 10 | ,->     let result = try mayFail() catch {
 11 | |           ErrorA {} => 1
 12 | |           // Missing ErrorB handler!
 13 | |->     }
    : `---- catch does not cover all error types
 14 |     }
    `----
  help: add a wildcard pattern '_' or handle all error types: ErrorB
