[stdout]

[stderr]
  x [E2059]: unreachable catch arm for 'ErrorC'
    ,-[<path>/error_unreachable_catch_arm.vole:14:9]
 13 |         ErrorB {} => 2
 14 |         ErrorC {} => 3  // ErrorC is not in error set
    :         ^^^^|^^^^
    :             `-- this error cannot be raised
 15 |     }
    `----
  help: this error type is not in the fallible expression's error set
