[stdout]

[stderr]
  x [E2061]: success pattern used on non-fallible type 'i32'
   ,-[<path>/error_success_on_non_fallible.vole:5:9]
 4 |     let result = match x {
 5 |         success v => v
   :         ^^^^|^^^^
   :             `-- expected fallible type
 6 |         _ => 0
   `----
  x [E2002]: undefined variable 'v'
   ,-[<path>/error_success_on_non_fallible.vole:5:22]
 4 |     let result = match x {
 5 |         success v => v
   :                      |
   :                      `-- not found in scope
 6 |         _ => 0
   `----
  x [E2001]: expected <invalid>, found integer literal
   ,-[<path>/error_success_on_non_fallible.vole:6:14]
 5 |         success v => v
 6 |         _ => 0
   :              |
   :              `-- type mismatch
 7 |     }
   `----
