[stdout]

[stderr]
  × [E2087]: field default type mismatch: expected i32, found string
   ╭─[<path>/field_default_type_mismatch.vole:4:18]
 3 │ class Config {
 4 │     count: i32 = "hello",  // Error: expected i32, found string
   ·                  ───┬───
   ·                     ╰── default value has wrong type
 5 │ }
   ╰────
