[stdout]

[stderr]
  x [E2006]: cannot assign to immutable variable 'x'
   ,-[<path>/immutable_assignment.vole:2:5]
 1 | func main() {
 2 |     let x = 1
   :     ^^^^|^^^^
   :         `-- declared as immutable here
 3 |     x = 2
   :     ^^|^^
   :       `-- cannot assign
 4 | }
   `----
  help: consider declaring with 'let mut' to make it mutable
