[stdout]

[stderr]
  × [E2074]: type argument for 'T' does not satisfy constraint 'Printable'
    ╭─[<path>/interface_constraint_not_satisfied.vole:17:5]
 16 │     let w = Wrapper { value: 42 }
 17 │     show(w)  // Wrapper doesn't implement Printable
    ·     ───┬───
    ·        ╰── found 'main::Wrapper'
 18 │ }
    ╰────
