[stdout]

[stderr]
  × [E2083]: missing return statement in function 'no_return'
   ╭─[<path>/missing_return.vole:3:1]
 2 │     
 3 │ ╭─▶ func no_return() -> i64 {
 4 │ │       let x = 42
 5 │ ├─▶ }
   · ╰──── function expects to return i64
   ╰────
  help: add a return statement, or change return type to void
