[stdout]

[stderr]
  × [W3002]: unused expression result of type 'i64'
    ╭─[<path>/structural_method_param_mismatch.vole:18:5]
 17 │     let f = Foo { value: "hi" }
 18 │     call_add(f)  // Foo.add takes string, not i64
    ·     ─────┬─────
    ·          ╰── expression result is not used
 19 │ }
    ╰────
  help: use `_ = expr` to discard explicitly
