[stdout]

[stderr]
  × [E2051]: cannot implement interface for unknown type 'UnknownType'
   ╭─[<path>/unknown_type_implement.vole:5:1]
 4 │     
 5 │ ╭─▶ extend UnknownType with Sized {
 6 │ │       func length() -> i64 {
 7 │ │           return 0
 8 │ │       }
 9 │ ├─▶ }
   · ╰──── not a known type
   ╰────
