[stdout]

[stderr]
  × [E2020]: unknown type 'BadType'
    ╭─[<path>/unknown_type_interface_call.vole:11:5]
 10 │     
 11 │ ╭─▶     func get() -> BadType {
 12 │ │           return self.value
 13 │ ├─▶     }
    · ╰──── not a known type
 14 │     }
    ╰────
  help: type not found
  × [E2001]: expected main::Getter, found main::Counter
    ╭─[<path>/unknown_type_interface_call.vole:24:24]
 23 │     let c = Counter { value: 42 }
 24 │     let x = use_getter(c)
    ·                        ┬
    ·                        ╰── type mismatch
 25 │ }
    ╰────
  × [E2001]: expected main::Getter, found main::Counter
    ╭─[<path>/unknown_type_interface_call.vole:24:24]
 23 │     let c = Counter { value: 42 }
 24 │     let x = use_getter(c)
    ·                        ┬
    ·                        ╰── type mismatch
 25 │ }
    ╰────
