[stdout]

[stderr]
  × [E2006]: cannot assign to immutable variable 'x'
   ╭─[<path>/var_immutable_error.vole:2:5]
 1 │ func main() {
 2 │     let x = 0
   ·     ────┬────
   ·         ╰── declared as immutable here
 3 │     x = 1
   ·     ──┬──
   ·       ╰── cannot assign
 4 │ }
   ╰────
  help: consider declaring with 'var' to make it mutable
