[stdout]

[stderr]
  × [W3005]: prelude module 'std:prelude/i16' had partial semantic analysis (1 errors)
  help: prelude loading continued with partial results; review logs for underlying semantic errors
  × [W3005]: prelude module 'std:prelude/i8' had partial semantic analysis (1 errors)
  help: prelude loading continued with partial results; review logs for underlying semantic errors
  × [W3005]: prelude module 'std:prelude/u64' had partial semantic analysis (1 errors)
  help: prelude loading continued with partial results; review logs for underlying semantic errors
panic: division by zero
  at <path>/div_by_zero.vole:5
