[stdout]

[stderr]
  × [E2113]: named arguments are not supported for external functions
    ╭─[<path>/named_arg_external.vole:9:9]
  8 │ func main() {
  9 │     log(level: 1, msg: "hello")
    ·         ────┬───
    ·             ╰── named argument used here
 10 │ }
    ╰────
  help: external functions use C calling conventions; call positionally instead
  × [E2001]: expected string, found integer literal
    ╭─[<path>/named_arg_external.vole:9:16]
  8 │ func main() {
  9 │     log(level: 1, msg: "hello")
    ·                ┬
    ·                ╰── type mismatch
 10 │ }
    ╰────
  × [E2001]: expected i64, found string
    ╭─[<path>/named_arg_external.vole:9:24]
  8 │ func main() {
  9 │     log(level: 1, msg: "hello")
    ·                        ───┬───
    ·                           ╰── type mismatch
 10 │ }
    ╰────
