[stdout]

[stderr]
  × [E1031]: only declarations are allowed at the top level
   ╭─[<path>/statement_at_top_level.vole:1:1]
 1 │ println("hello")
   · ───┬───
   ·    ╰── expected a declaration, not a statement or expression
   ╰────
  help: use func, class, struct, interface, implement, tests, or let
