[stdout]

[stderr]
  × [E1033]: to define a function, use `func` instead of `function`
   ╭─[<path>/wrong_func_keyword_function.vole:1:1]
 1 │ function main() {
   · ────┬───
   ·     ╰── use `func` here
 2 │     println("hello")
   ╰────
  help: Vole uses `func` to define functions: `func main() { ... }`
